// Jest Snapshot v1, https://goo.gl/fbAQLP

exports[`renders correctly 1`] = `
<div>
  <div
    class="css-1xpqvqu-Timer"
  >
    <div
      class="css-y5ro21-FlipCard"
      data-value="00"
    >
      <div
        class="css-nq5f8h-FlipCard"
        data-value="00"
      />
      <div
        class="css-xp1t8d-FlipCard"
      />
      <div
        class="css-18hlcob-FlipCard"
      />
    </div>
    <div
      class="css-y5ro21-FlipCard"
      data-value="21"
    >
      <div
        class="css-nq5f8h-FlipCard"
        data-value="21"
      />
      <div
        class="css-xp1t8d-FlipCard"
      />
      <div
        class="css-18hlcob-FlipCard"
      />
    </div>
    <div
      class="css-y5ro21-FlipCard"
      data-value="11"
    >
      <div
        class="css-nq5f8h-FlipCard"
        data-value="11"
      />
      <div
        class="css-xp1t8d-FlipCard"
      />
      <div
        class="css-18hlcob-FlipCard"
      />
    </div>
    <div
      class="css-y5ro21-FlipCard"
      data-value="25"
    >
      <div
        class="css-nq5f8h-FlipCard"
        data-value="25"
      />
      <div
        class="css-xp1t8d-FlipCard"
      />
      <div
        class="css-18hlcob-FlipCard"
      />
    </div>
  </div>
</div>
`;
