// Jest Snapshot v1, https://goo.gl/fbAQLP

exports[`Timer should renders correctly 1`] = `
<div>
  <div
    class="css-1xpqvqu-Timer"
  >
    <div
      class="css-1822xkh-FlipCard"
    >
      <div
        class="css-h18gz8-FlipCard"
        data-value="29"
      >
        <div
          class="css-11um8xe-FlipCard"
          data-value="29"
        />
        <div
          class="css-1n6j318-FlipCard"
        />
        <div
          class="css-11p975c-FlipCard"
        />
      </div>
      <h2
        class="css-pu2xco-FlipCard"
      >
        days
      </h2>
    </div>
    <div
      class="css-1822xkh-FlipCard"
    >
      <div
        class="css-h18gz8-FlipCard"
        data-value="22"
      >
        <div
          class="css-11um8xe-FlipCard"
          data-value="22"
        />
        <div
          class="css-1n6j318-FlipCard"
        />
        <div
          class="css-11p975c-FlipCard"
        />
      </div>
      <h2
        class="css-pu2xco-FlipCard"
      >
        hours
      </h2>
    </div>
    <div
      class="css-1822xkh-FlipCard"
    >
      <div
        class="css-h18gz8-FlipCard"
        data-value="12"
      >
        <div
          class="css-11um8xe-FlipCard"
          data-value="12"
        />
        <div
          class="css-1n6j318-FlipCard"
        />
        <div
          class="css-11p975c-FlipCard"
        />
      </div>
      <h2
        class="css-pu2xco-FlipCard"
      >
        minutes
      </h2>
    </div>
    <div
      class="css-1822xkh-FlipCard"
    >
      <div
        class="css-h18gz8-FlipCard"
        data-value="10"
      >
        <div
          class="css-11um8xe-FlipCard"
          data-value="10"
        />
        <div
          class="css-1n6j318-FlipCard"
        />
        <div
          class="css-11p975c-FlipCard"
        />
      </div>
      <h2
        class="css-pu2xco-FlipCard"
      >
        seconds
      </h2>
    </div>
  </div>
</div>
`;
