// Jest Snapshot v1, https://goo.gl/fbAQLP

exports[`renders correctly 1`] = `
<div>
  <div
    class="css-gjiz4v-FlipCard"
    data-value="33"
  >
    <div
      class="css-nq5f8h-FlipCard"
      data-value="33"
    />
    <div
      class="css-xp1t8d-FlipCard"
    />
    <div
      class="css-18hlcob-FlipCard"
    />
  </div>
</div>
`;
